// Jest Snapshot v1, https://goo.gl/fbAQLP

exports[`<Loader/> Matches the snapshot 1`] = `
<div
  className="loader"
>
  <WithStyles(CircularProgress)
    size={29.5}
    thickness={2.5}
  />
</div>
`;
