// Jest Snapshot v1, https://goo.gl/fbAQLP

exports[`<PeriodFields/> Matches the snapshot 1`] = `
<div
  className="flexContainer"
>
  <WithStyles(Select)
    key="day"
    label="Day"
    name="day"
    onChange={[MockFunction]}
    options={
      Object {
        "1": "1",
        "10": "10",
        "11": "11",
        "12": "12",
        "13": "13",
        "14": "14",
        "15": "15",
        "16": "16",
        "17": "17",
        "18": "18",
        "19": "19",
        "2": "2",
        "20": "20",
        "21": "21",
        "22": "22",
        "23": "23",
        "24": "24",
        "25": "25",
        "26": "26",
        "27": "27",
        "28": "28",
        "29": "29",
        "3": "3",
        "30": "30",
        "31": "31",
        "4": "4",
        "5": "5",
        "6": "6",
        "7": "7",
        "8": "8",
        "9": "9",
      }
    }
  />
  <WithStyles(Select)
    key="month"
    label="Month"
    name="month"
    onChange={[MockFunction]}
    options={
      Object {
        "1": "jan",
        "10": "oct",
        "11": "nov",
        "12": "dec",
        "2": "feb",
        "3": "mar",
        "4": "apr",
        "5": "may",
        "6": "jun",
        "7": "jul",
        "8": "aug",
        "9": "sep",
      }
    }
  />
  <WithStyles(Select)
    key="year"
    label="Year"
    name="year"
    onChange={[MockFunction]}
    options={
      Object {
        "2014": "2014",
        "2015": "2015",
        "2016": "2016",
        "2017": "2017",
        "2018": "2018",
        "2019": "2019",
        "2020": "2020",
        "2021": "2021",
        "2022": "2022",
        "2023": "2023",
      }
    }
  />
</div>
`;
