// Jest Snapshot v1, https://goo.gl/fbAQLP

exports[`<Form/> Renders a parsed period below the <Select/> and <PeriodFields/> if there is a valid value 1`] = `
<Fragment>
  <WithStyles(Select)
    label="Period type"
    name="periodType"
    onChange={[MockFunction]}
    options={
      Array [
        Object {
          "label": "Daily",
          "value": "Daily",
        },
        Object {
          "label": "Weekly",
          "value": "Weekly",
        },
        Object {
          "label": "Weekly Wednesday",
          "value": "WeeklyWednesday",
        },
        Object {
          "label": "Weekly Thursday",
          "value": "WeeklyThursday",
        },
        Object {
          "label": "Weekly Saturday",
          "value": "WeeklySaturday",
        },
        Object {
          "label": "Weekly Sunday",
          "value": "WeeklySunday",
        },
        Object {
          "label": "Bi weekly",
          "value": "BiWeekly",
        },
        Object {
          "label": "Monthly",
          "value": "Monthly",
        },
        Object {
          "label": "Bi-monthly",
          "value": "BiMonthly",
        },
        Object {
          "label": "Quarterly",
          "value": "Quarterly",
        },
        Object {
          "label": "Six monthly",
          "value": "SixMonthly",
        },
        Object {
          "label": "Six monthly starting in April",
          "value": "SixMonthlyApril",
        },
        Object {
          "label": "Six monthly starting in November",
          "value": "SixMonthlyNov",
        },
        Object {
          "label": "Yearly",
          "value": "Yearly",
        },
        Object {
          "label": "Financial year starting in April",
          "value": "FinancialApril",
        },
        Object {
          "label": "Financial year starting in July",
          "value": "FinancialJuly",
        },
        Object {
          "label": "Financial year starting in October",
          "value": "FinancialOct",
        },
        Object {
          "label": "Financial year starting in November",
          "value": "FinancialNov",
        },
      ]
    }
    value="WeeklyWednesday"
  />
  <WithStyles(PeriodFields)
    getValue={[MockFunction]}
    onChange={[MockFunction]}
    periodType="WeeklyWednesday"
  />
  <WithStyles(FormHelperText)
    className="helper"
  >
    2020 W12 March 18 - 24
  </WithStyles(FormHelperText)>
</Fragment>
`;
