// Jest Snapshot v1, https://goo.gl/fbAQLP

exports[`<PeriodFields/> Matches the snapshot 1`] = `
<div
  className="flexContainer"
>
  <WithStyles(Select)
    key="day"
    label="Day"
    name="day"
    onChange={[MockFunction]}
    options={
      Array [
        Object {
          "label": "1",
          "value": "01",
        },
        Object {
          "label": "2",
          "value": "02",
        },
        Object {
          "label": "3",
          "value": "03",
        },
        Object {
          "label": "4",
          "value": "04",
        },
        Object {
          "label": "5",
          "value": "05",
        },
        Object {
          "label": "6",
          "value": "06",
        },
        Object {
          "label": "7",
          "value": "07",
        },
        Object {
          "label": "8",
          "value": "08",
        },
        Object {
          "label": "9",
          "value": "09",
        },
        Object {
          "label": "10",
          "value": "10",
        },
        Object {
          "label": "11",
          "value": "11",
        },
        Object {
          "label": "12",
          "value": "12",
        },
        Object {
          "label": "13",
          "value": "13",
        },
        Object {
          "label": "14",
          "value": "14",
        },
        Object {
          "label": "15",
          "value": "15",
        },
        Object {
          "label": "16",
          "value": "16",
        },
        Object {
          "label": "17",
          "value": "17",
        },
        Object {
          "label": "18",
          "value": "18",
        },
        Object {
          "label": "19",
          "value": "19",
        },
        Object {
          "label": "20",
          "value": "20",
        },
        Object {
          "label": "21",
          "value": "21",
        },
        Object {
          "label": "22",
          "value": "22",
        },
        Object {
          "label": "23",
          "value": "23",
        },
        Object {
          "label": "24",
          "value": "24",
        },
        Object {
          "label": "25",
          "value": "25",
        },
        Object {
          "label": "26",
          "value": "26",
        },
        Object {
          "label": "27",
          "value": "27",
        },
        Object {
          "label": "28",
          "value": "28",
        },
        Object {
          "label": "29",
          "value": "29",
        },
        Object {
          "label": "30",
          "value": "30",
        },
        Object {
          "label": "31",
          "value": "31",
        },
      ]
    }
  />
  <WithStyles(Select)
    key="month"
    label="Month"
    name="month"
    onChange={[MockFunction]}
    options={
      Array [
        Object {
          "label": "jan",
          "value": "01",
        },
        Object {
          "label": "feb",
          "value": "02",
        },
        Object {
          "label": "mar",
          "value": "03",
        },
        Object {
          "label": "apr",
          "value": "04",
        },
        Object {
          "label": "may",
          "value": "05",
        },
        Object {
          "label": "jun",
          "value": "06",
        },
        Object {
          "label": "jul",
          "value": "07",
        },
        Object {
          "label": "aug",
          "value": "08",
        },
        Object {
          "label": "sep",
          "value": "09",
        },
        Object {
          "label": "oct",
          "value": "10",
        },
        Object {
          "label": "nov",
          "value": "11",
        },
        Object {
          "label": "dec",
          "value": "12",
        },
      ]
    }
  />
  <WithStyles(Select)
    key="year"
    label="Year"
    name="year"
    onChange={[MockFunction]}
    options={
      Array [
        Object {
          "label": "2014",
          "value": "2014",
        },
        Object {
          "label": "2015",
          "value": "2015",
        },
        Object {
          "label": "2016",
          "value": "2016",
        },
        Object {
          "label": "2017",
          "value": "2017",
        },
        Object {
          "label": "2018",
          "value": "2018",
        },
        Object {
          "label": "2019",
          "value": "2019",
        },
        Object {
          "label": "2020",
          "value": "2020",
        },
        Object {
          "label": "2021",
          "value": "2021",
        },
        Object {
          "label": "2022",
          "value": "2022",
        },
        Object {
          "label": "2023",
          "value": "2023",
        },
      ]
    }
  />
</div>
`;
