// Jest Snapshot v1, https://goo.gl/fbAQLP

exports[`The Item component  Should match the snapshot 1`] = `
<div
  className="jsx-3290541332 item selected-item"
  data-test="dimension-item-testID"
  onClick={[Function]}
>
  <ItemIcon
    backgroundColor="#00796B"
  />
  <span
    className="jsx-3290541332 item-label"
  >
    The selected item
  </span>
  <DeselectIconButton
    fill="#00796B"
    onClick={[Function]}
  />
  <JSXStyle
    id="3290541332"
  >
    .
    h
    i
    g
    h
    l
    i
    g
    h
    t
    e
    d
    -
    t
    e
    x
    t
    .
    j
    s
    x
    -
    3
    2
    9
    0
    5
    4
    1
    3
    3
    2
    {
    c
    o
    l
    o
    r
    :
    #
    F
    F
    F
    F
    F
    F
    ;
    }
    .
    i
    c
    o
    n
    .
    j
    s
    x
    -
    3
    2
    9
    0
    5
    4
    1
    3
    3
    2
    {
    b
    a
    c
    k
    g
    r
    o
    u
    n
    d
    -
    c
    o
    l
    o
    r
    :
    #
    0
    0
    7
    9
    6
    B
    ;
    }
    .
    i
    t
    e
    m
    .
    j
    s
    x
    -
    3
    2
    9
    0
    5
    4
    1
    3
    3
    2
    {
    -
    w
    e
    b
    k
    i
    t
    -
    a
    l
    i
    g
    n
    -
    i
    t
    e
    m
    s
    :
    c
    e
    n
    t
    e
    r
    ;
    -
    w
    e
    b
    k
    i
    t
    -
    b
    o
    x
    -
    a
    l
    i
    g
    n
    :
    c
    e
    n
    t
    e
    r
    ;
    -
    m
    s
    -
    f
    l
    e
    x
    -
    a
    l
    i
    g
    n
    :
    c
    e
    n
    t
    e
    r
    ;
    a
    l
    i
    g
    n
    -
    i
    t
    e
    m
    s
    :
    c
    e
    n
    t
    e
    r
    ;
    b
    o
    r
    d
    e
    r
    -
    r
    a
    d
    i
    u
    s
    :
    4
    p
    x
    ;
    c
    u
    r
    s
    o
    r
    :
    p
    o
    i
    n
    t
    e
    r
    ;
    d
    i
    s
    p
    l
    a
    y
    :
    -
    w
    e
    b
    k
    i
    t
    -
    b
    o
    x
    ;
    d
    i
    s
    p
    l
    a
    y
    :
    -
    w
    e
    b
    k
    i
    t
    -
    f
    l
    e
    x
    ;
    d
    i
    s
    p
    l
    a
    y
    :
    -
    m
    s
    -
    f
    l
    e
    x
    b
    o
    x
    ;
    d
    i
    s
    p
    l
    a
    y
    :
    f
    l
    e
    x
    ;
    p
    a
    d
    d
    i
    n
    g
    :
    3
    p
    x
    ;
    }
    .
    g
    h
    o
    s
    t
    .
    j
    s
    x
    -
    3
    2
    9
    0
    5
    4
    1
    3
    3
    2
    {
    o
    p
    a
    c
    i
    t
    y
    :
    0
    .
    2
    ;
    -
    w
    e
    b
    k
    i
    t
    -
    t
    r
    a
    n
    s
    i
    t
    i
    o
    n
    :
    o
    p
    a
    c
    i
    t
    y
     
    0
    .
    2
    s
     
    e
    a
    s
    e
    ;
    t
    r
    a
    n
    s
    i
    t
    i
    o
    n
    :
    o
    p
    a
    c
    i
    t
    y
     
    0
    .
    2
    s
     
    e
    a
    s
    e
    ;
    }
    .
    s
    e
    l
    e
    c
    t
    e
    d
    -
    i
    t
    e
    m
    .
    j
    s
    x
    -
    3
    2
    9
    0
    5
    4
    1
    3
    3
    2
    {
    b
    a
    c
    k
    g
    r
    o
    u
    n
    d
    -
    c
    o
    l
    o
    r
    :
    #
    b
    2
    d
    f
    d
    b
    ;
    }
    .
    s
    e
    l
    e
    c
    t
    e
    d
    -
    i
    t
    e
    m
    .
    j
    s
    x
    -
    3
    2
    9
    0
    5
    4
    1
    3
    3
    2
    :
    h
    o
    v
    e
    r
    {
    b
    a
    c
    k
    g
    r
    o
    u
    n
    d
    -
    c
    o
    l
    o
    r
    :
    #
    8
    6
    c
    4
    b
    f
    ;
    }
    .
    h
    i
    g
    h
    l
    i
    g
    h
    t
    e
    d
    -
    i
    t
    e
    m
    .
    j
    s
    x
    -
    3
    2
    9
    0
    5
    4
    1
    3
    3
    2
    {
    b
    a
    c
    k
    g
    r
    o
    u
    n
    d
    -
    c
    o
    l
    o
    r
    :
    #
    0
    0
    4
    C
    4
    0
    ;
    }
    .
    i
    t
    e
    m
    -
    l
    a
    b
    e
    l
    .
    j
    s
    x
    -
    3
    2
    9
    0
    5
    4
    1
    3
    3
    2
    {
    f
    o
    n
    t
    -
    s
    i
    z
    e
    :
    1
    4
    p
    x
    ;
    p
    a
    d
    d
    i
    n
    g
    :
    2
    p
    x
    ;
    }
  </JSXStyle>
</div>
`;
